******************************************************************************
            TI ARM Clang Linker Unix v3.2.1                    
******************************************************************************
>> Linked Mon May  5 22:48:15 2025

OUTPUT FILE NAME:   <i2c_controller_rw_multibyte_fifo_interrupts_LP_MSPM0G3507_nortos_ticlang.out>
ENTRY POINT SYMBOL: "_c_int00_noargs"  address: 00000611


MEMORY CONFIGURATION

         name            origin    length      used     unused   attr    fill
----------------------  --------  ---------  --------  --------  ----  --------
  FLASH                 00000000   00020000  00000700  0001f900  R  X
  SRAM                  20200000   00008000  00000231  00007dcf  RW X
  BCR_CONFIG            41c00000   00000080  00000000  00000080  R   
  BSL_CONFIG            41c00100   00000080  00000000  00000080  R   


SEGMENT ALLOCATION MAP

run origin  load origin   length   init length attrs members
----------  ----------- ---------- ----------- ----- -------
00000000    00000000    00000700   00000700    r-x
  00000000    00000000    000000c0   000000c0    r-- .intvecs
  000000c0    000000c0    000005f8   000005f8    r-x .text
  000006b8    000006b8    00000008   00000008    r-- .rodata
  000006c0    000006c0    00000040   00000040    r-- .cinit
20200000    20200000    00000031   00000000    rw-
  20200000    20200000    00000021   00000000    rw- .bss
  20200021    20200021    00000010   00000000    rw- .data
20207e00    20207e00    00000200   00000000    rw-
  20207e00    20207e00    00000200   00000000    rw- .stack


SECTION ALLOCATION MAP

 output                                  attributes/
section   page    origin      length       input sections
--------  ----  ----------  ----------   ----------------
.intvecs   0    00000000    000000c0     
                  00000000    000000c0     startup_mspm0g350x_ticlang.o (.intvecs)

.text      0    000000c0    000005f8     
                  000000c0    000001a0     i2c_controller_rw_multibyte_fifo_interrupts.o (.text.main)
                  00000260    000000f4     i2c_controller_rw_multibyte_fifo_interrupts.o (.text.I2C1_IRQHandler)
                  00000354    0000009a     libc.a : memcpy16.S.obj (.text:memcpy)
                  000003ee    00000002     startup_mspm0g350x_ticlang.o (.text.Default_Handler)
                  000003f0    00000078     libc.a : copy_decompress_lzss.c.obj (.text:decompress:lzss)
                  00000468    00000068     ti_msp_dl_config.o (.text.SYSCFG_DL_I2C_init)
                  000004d0    0000005e     driverlib.a : dl_i2c.o (.text.DL_I2C_fillControllerTXFIFO)
                  0000052e    00000002     --HOLE-- [fill = 0]
                  00000530    00000040     ti_msp_dl_config.o (.text.SYSCFG_DL_GPIO_init)
                  00000570    0000003c     libc.a : autoinit.c.obj (.text:__TI_auto_init_nobinit_nopinit)
                  000005ac    00000034     ti_msp_dl_config.o (.text.SYSCFG_DL_initPower)
                  000005e0    00000030     ti_msp_dl_config.o (.text.SYSCFG_DL_SYSCTL_init)
                  00000610    00000028     libc.a : boot_cortex_m.c.obj (.text:_c_int00_noargs)
                  00000638    00000026     driverlib.a : dl_i2c.o (.text.DL_I2C_setClockConfig)
                  0000065e    00000016     libc.a : copy_zero_init.c.obj (.text:decompress:ZI:__TI_zero_init_nomemset)
                  00000674    00000014     ti_msp_dl_config.o (.text.SYSCFG_DL_init)
                  00000688    00000012     libc.a : copy_decompress_none.c.obj (.text:decompress:none)
                  0000069a    0000000a     driverlib.a : dl_common.o (.text.DL_Common_delayCycles)
                  000006a4    00000008     libclang_rt.builtins.a : aeabi_memcpy.S.obj (.text.__aeabi_memcpy)
                  000006ac    00000004     startup_mspm0g350x_ticlang.o (.text.Reset_Handler)
                  000006b0    00000004     libc.a : pre_init.c.obj (.text._system_pre_init)
                  000006b4    00000004            : exit.c.obj (.text:abort)

.cinit     0    000006c0    00000040     
                  000006c0    00000016     (.cinit..data.load) [load image, compression = lzss]
                  000006d6    00000002     --HOLE-- [fill = 0]
                  000006d8    0000000c     (__TI_handler_table)
                  000006e4    00000008     (.cinit..bss.load) [load image, compression = zero_init]
                  000006ec    00000010     (__TI_cinit_table)
                  000006fc    00000004     --HOLE-- [fill = 0]

.rodata    0    000006b8    00000008     
                  000006b8    00000002     ti_msp_dl_config.o (.rodata.gI2CClockConfig)
                  000006ba    00000006     --HOLE-- [fill = 0]

.init_array 
*          0    00000000    00000000     UNINITIALIZED

.binit     0    00000000    00000000     

.bss       0    20200000    00000021     UNINITIALIZED
                  20200000    00000010     (.common:gRxPacket)
                  20200010    00000004     (.common:gRxCount)
                  20200014    00000004     (.common:gRxLen)
                  20200018    00000004     (.common:gTxCount)
                  2020001c    00000004     (.common:gTxLen)
                  20200020    00000001     (.common:gI2cControllerStatus)

.data      0    20200021    00000010     UNINITIALIZED
                  20200021    00000010     i2c_controller_rw_multibyte_fifo_interrupts.o (.data.gTxPacket)

.stack     0    20207e00    00000200     UNINITIALIZED
                  20207e00    00000004     libc.a : boot_cortex_m.c.obj (.stack)
                  20207e04    000001fc     --HOLE--

__llvm_prf_cnts 
*          0    20200000    00000000     UNINITIALIZED

__llvm_prf_bits 
*          0    20200000    00000000     UNINITIALIZED

MODULE SUMMARY

       Module                                          code   ro data   rw data
       ------                                          ----   -------   -------
    ./
       i2c_controller_rw_multibyte_fifo_interrupts.o   660    0         49     
       ti_msp_dl_config.o                              288    2         0      
       startup_mspm0g350x_ticlang.o                    6      192       0      
    +--+-----------------------------------------------+------+---------+---------+
       Total:                                          954    194       49     
                                                                               
    /Applications/ti/ccs1281/ccs/tools/compiler/ti-cgt-armllvm_3.2.1.LTS/lib/armv6m-ti-none-eabi/c/libc.a
       memcpy16.S.obj                                  154    0         0      
       copy_decompress_lzss.c.obj                      120    0         0      
       autoinit.c.obj                                  60     0         0      
       boot_cortex_m.c.obj                             40     0         0      
       copy_zero_init.c.obj                            22     0         0      
       copy_decompress_none.c.obj                      18     0         0      
       exit.c.obj                                      4      0         0      
       pre_init.c.obj                                  4      0         0      
    +--+-----------------------------------------------+------+---------+---------+
       Total:                                          422    0         0      
                                                                               
    /Applications/ti/ccs1281/ccs/tools/compiler/ti-cgt-armllvm_3.2.1.LTS/lib/clang/15.0.7/lib/armv6m-ti-none-eabi/libclang_rt.builtins.a
       aeabi_memcpy.S.obj                              8      0         0      
    +--+-----------------------------------------------+------+---------+---------+
       Total:                                          8      0         0      
                                                                               
    /Users/elliotchae/ti/mspm0_sdk_2_03_00_07/source/ti/driverlib/lib/ticlang/m0p/mspm0g1x0x_g3x0x/driverlib.a
       dl_i2c.o                                        132    0         0      
       dl_common.o                                     10     0         0      
    +--+-----------------------------------------------+------+---------+---------+
       Total:                                          142    0         0      
                                                                               
       Stack:                                          0      0         512    
       Linker Generated:                               0      58        0      
    +--+-----------------------------------------------+------+---------+---------+
       Grand Total:                                    1526   252       561    


LINKER GENERATED COPY TABLES

__TI_cinit_table @ 000006ec records: 2, size/record: 8, table size: 16
	.data: load addr=000006c0, load size=00000016 bytes, run addr=20200021, run size=00000010 bytes, compression=lzss
	.bss: load addr=000006e4, load size=00000008 bytes, run addr=20200000, run size=00000021 bytes, compression=zero_init


LINKER GENERATED HANDLER TABLE

__TI_handler_table @ 000006d8 records: 3, size/record: 4, table size: 12
	index: 0, handler: __TI_decompress_lzss
	index: 1, handler: __TI_decompress_none
	index: 2, handler: __TI_zero_init


GLOBAL SYMBOLS: SORTED ALPHABETICALLY BY Name 

address   name                          
-------   ----                          
000003ef  ADC0_IRQHandler               
000003ef  ADC1_IRQHandler               
000003ef  AES_IRQHandler                
000006b4  C$$EXIT                       
000003ef  CANFD0_IRQHandler             
000003ef  DAC0_IRQHandler               
0000069b  DL_Common_delayCycles         
000004d1  DL_I2C_fillControllerTXFIFO   
00000639  DL_I2C_setClockConfig         
000003ef  DMA_IRQHandler                
000003ef  Default_Handler               
000003ef  GROUP0_IRQHandler             
000003ef  GROUP1_IRQHandler             
000003ef  HardFault_Handler             
000003ef  I2C0_IRQHandler               
00000261  I2C1_IRQHandler               
000003ef  NMI_Handler                   
000003ef  PendSV_Handler                
000003ef  RTC_IRQHandler                
000006ad  Reset_Handler                 
000003ef  SPI0_IRQHandler               
000003ef  SPI1_IRQHandler               
000003ef  SVC_Handler                   
00000531  SYSCFG_DL_GPIO_init           
00000469  SYSCFG_DL_I2C_init            
000005e1  SYSCFG_DL_SYSCTL_init         
00000675  SYSCFG_DL_init                
000005ad  SYSCFG_DL_initPower           
000003ef  SysTick_Handler               
000003ef  TIMA0_IRQHandler              
000003ef  TIMA1_IRQHandler              
000003ef  TIMG0_IRQHandler              
000003ef  TIMG12_IRQHandler             
000003ef  TIMG6_IRQHandler              
000003ef  TIMG7_IRQHandler              
000003ef  TIMG8_IRQHandler              
000003ef  UART0_IRQHandler              
000003ef  UART1_IRQHandler              
000003ef  UART2_IRQHandler              
000003ef  UART3_IRQHandler              
20208000  __STACK_END                   
00000200  __STACK_SIZE                  
00000000  __TI_ATRegion0_region_sz      
00000000  __TI_ATRegion0_src_addr       
00000000  __TI_ATRegion0_trg_addr       
00000000  __TI_ATRegion1_region_sz      
00000000  __TI_ATRegion1_src_addr       
00000000  __TI_ATRegion1_trg_addr       
00000000  __TI_ATRegion2_region_sz      
00000000  __TI_ATRegion2_src_addr       
00000000  __TI_ATRegion2_trg_addr       
000006ec  __TI_CINIT_Base               
000006fc  __TI_CINIT_Limit              
000006fc  __TI_CINIT_Warm               
000006d8  __TI_Handler_Table_Base       
000006e4  __TI_Handler_Table_Limit      
00000571  __TI_auto_init_nobinit_nopinit
000003f1  __TI_decompress_lzss          
00000689  __TI_decompress_none          
ffffffff  __TI_pprof_out_hndl           
ffffffff  __TI_prof_data_size           
ffffffff  __TI_prof_data_start          
00000000  __TI_static_base__            
0000065f  __TI_zero_init_nomemset       
000006a5  __aeabi_memcpy                
000006a5  __aeabi_memcpy4               
000006a5  __aeabi_memcpy8               
ffffffff  __binit__                     
UNDEFED   __mpu_init                    
20207e00  __stack                       
20200000  __start___llvm_prf_bits       
20200000  __start___llvm_prf_cnts       
20200000  __stop___llvm_prf_bits        
20200000  __stop___llvm_prf_cnts        
00000611  _c_int00_noargs               
UNDEFED   _system_post_cinit            
000006b1  _system_pre_init              
000006b5  abort                         
ffffffff  binit                         
20200020  gI2cControllerStatus          
20200010  gRxCount                      
20200014  gRxLen                        
20200000  gRxPacket                     
20200018  gTxCount                      
2020001c  gTxLen                        
20200021  gTxPacket                     
00000000  interruptVectors              
000000c1  main                          
00000355  memcpy                        


GLOBAL SYMBOLS: SORTED BY Symbol Address 

address   name                          
-------   ----                          
00000000  __TI_ATRegion0_region_sz      
00000000  __TI_ATRegion0_src_addr       
00000000  __TI_ATRegion0_trg_addr       
00000000  __TI_ATRegion1_region_sz      
00000000  __TI_ATRegion1_src_addr       
00000000  __TI_ATRegion1_trg_addr       
00000000  __TI_ATRegion2_region_sz      
00000000  __TI_ATRegion2_src_addr       
00000000  __TI_ATRegion2_trg_addr       
00000000  __TI_static_base__            
00000000  interruptVectors              
000000c1  main                          
00000200  __STACK_SIZE                  
00000261  I2C1_IRQHandler               
00000355  memcpy                        
000003ef  ADC0_IRQHandler               
000003ef  ADC1_IRQHandler               
000003ef  AES_IRQHandler                
000003ef  CANFD0_IRQHandler             
000003ef  DAC0_IRQHandler               
000003ef  DMA_IRQHandler                
000003ef  Default_Handler               
000003ef  GROUP0_IRQHandler             
000003ef  GROUP1_IRQHandler             
000003ef  HardFault_Handler             
000003ef  I2C0_IRQHandler               
000003ef  NMI_Handler                   
000003ef  PendSV_Handler                
000003ef  RTC_IRQHandler                
000003ef  SPI0_IRQHandler               
000003ef  SPI1_IRQHandler               
000003ef  SVC_Handler                   
000003ef  SysTick_Handler               
000003ef  TIMA0_IRQHandler              
000003ef  TIMA1_IRQHandler              
000003ef  TIMG0_IRQHandler              
000003ef  TIMG12_IRQHandler             
000003ef  TIMG6_IRQHandler              
000003ef  TIMG7_IRQHandler              
000003ef  TIMG8_IRQHandler              
000003ef  UART0_IRQHandler              
000003ef  UART1_IRQHandler              
000003ef  UART2_IRQHandler              
000003ef  UART3_IRQHandler              
000003f1  __TI_decompress_lzss          
00000469  SYSCFG_DL_I2C_init            
000004d1  DL_I2C_fillControllerTXFIFO   
00000531  SYSCFG_DL_GPIO_init           
00000571  __TI_auto_init_nobinit_nopinit
000005ad  SYSCFG_DL_initPower           
000005e1  SYSCFG_DL_SYSCTL_init         
00000611  _c_int00_noargs               
00000639  DL_I2C_setClockConfig         
0000065f  __TI_zero_init_nomemset       
00000675  SYSCFG_DL_init                
00000689  __TI_decompress_none          
0000069b  DL_Common_delayCycles         
000006a5  __aeabi_memcpy                
000006a5  __aeabi_memcpy4               
000006a5  __aeabi_memcpy8               
000006ad  Reset_Handler                 
000006b1  _system_pre_init              
000006b4  C$$EXIT                       
000006b5  abort                         
000006d8  __TI_Handler_Table_Base       
000006e4  __TI_Handler_Table_Limit      
000006ec  __TI_CINIT_Base               
000006fc  __TI_CINIT_Limit              
000006fc  __TI_CINIT_Warm               
20200000  __start___llvm_prf_bits       
20200000  __start___llvm_prf_cnts       
20200000  __stop___llvm_prf_bits        
20200000  __stop___llvm_prf_cnts        
20200000  gRxPacket                     
20200010  gRxCount                      
20200014  gRxLen                        
20200018  gTxCount                      
2020001c  gTxLen                        
20200020  gI2cControllerStatus          
20200021  gTxPacket                     
20207e00  __stack                       
20208000  __STACK_END                   
ffffffff  __TI_pprof_out_hndl           
ffffffff  __TI_prof_data_size           
ffffffff  __TI_prof_data_start          
ffffffff  __binit__                     
ffffffff  binit                         
UNDEFED   __mpu_init                    
UNDEFED   _system_post_cinit            

[89 symbols]
