******************************************************************************
            TI ARM Clang Linker Unix v3.2.1                    
******************************************************************************
>> Linked Mon May 12 21:28:48 2025

OUTPUT FILE NAME:   <sensor_and_lcd.out>
ENTRY POINT SYMBOL: "_c_int00_noargs"  address: 0000382d


MEMORY CONFIGURATION

         name            origin    length      used     unused   attr    fill
----------------------  --------  ---------  --------  --------  ----  --------
  FLASH                 00000000   00020000  00003cb0  0001c350  R  X
  SRAM                  20200000   00008000  00000dfb  00007205  RW X
  BCR_CONFIG            41c00000   00000080  00000000  00000080  R   
  BSL_CONFIG            41c00100   00000080  00000000  00000080  R   


SEGMENT ALLOCATION MAP

run origin  load origin   length   init length attrs members
----------  ----------- ---------- ----------- ----- -------
00000000    00000000    00003cb0   00003cb0    r-x
  00000000    00000000    000000c0   000000c0    r-- .intvecs
  000000c0    000000c0    000039a0   000039a0    r-x .text
  00003a60    00003a60    000001b0   000001b0    r-- .rodata
  00003c10    00003c10    000000a0   000000a0    r-- .cinit
20200000    20200000    00000bfd   00000000    rw-
  20200000    20200000    00000800   00000000    rw- .sysmem
  20200800    20200800    00000202   00000000    rw- .data
  20200a04    20200a04    000001f9   00000000    rw- .bss
20207e00    20207e00    00000200   00000000    rw-
  20207e00    20207e00    00000200   00000000    rw- .stack


SECTION ALLOCATION MAP

 output                                  attributes/
section   page    origin      length       input sections
--------  ----  ----------  ----------   ----------------
.intvecs   0    00000000    000000c0     
                  00000000    000000c0     startup_mspm0g350x_ticlang.o (.intvecs)

.text      0    000000c0    000039a0     
                  000000c0    00000a00     libc.a : _printfi.c.obj (.text:__TI_printfi)
                  00000ac0    000002e4     final_redo_main.o (.text.main)
                  00000da4    00000220     libc.a : _printfi.c.obj (.text._pconv_a)
                  00000fc4    000001dc            : _printfi.c.obj (.text._pconv_g)
                  000011a0    000001d8     lcd_i2c.o (.text.lcd_send_command)
                  00001378    000001d8     lcd_i2c.o (.text.lcd_send_data)
                  00001550    00000192     libclang_rt.builtins.a : adddf3.S.obj (.text.adddf3_subdf3)
                  000016e2    00000002     startup_mspm0g350x_ticlang.o (.text.Default_Handler)
                  000016e4    0000015c     lcd_i2c.o (.text.lcd_init)
                  00001840    0000013c     libc.a : _printfi.c.obj (.text.fcvt)
                  0000197c    00000130     final_redo_main.o (.text.get_filtered_pulse_width)
                  00001aac    0000012c     libc.a : memory.c.obj (.text.aligned_alloc)
                  00001bd8    00000120            : _printfi.c.obj (.text._pconv_e)
                  00001cf8    0000010c     libclang_rt.builtins.a : divdf3.S.obj (.text.__divdf3)
                  00001e04    00000104     libc.a : fputs.c.obj (.text.fputs)
                  00001f08    000000f4     final_redo_main.o (.text.I2C1_IRQHandler)
                  00001ffc    000000ec     libc.a : memory.c.obj (.text.free)
                  000020e8    000000e4     libclang_rt.builtins.a : muldf3.S.obj (.text.__muldf3)
                  000021cc    000000dc     libc.a : setvbuf.c.obj (.text.setvbuf)
                  000022a8    000000d8            : s_scalbn.c.obj (.text.scalbn)
                  00002380    000000d8     libclang_rt.builtins.a : addsf3.S.obj (.text)
                  00002458    000000a2                            : udivmoddi4.S.obj (.text)
                  000024fa    00000002                            : aeabi_div0.c.obj (.text.__aeabi_idiv0)
                  000024fc    0000009c     libc.a : fputc.c.obj (.text.fputc)
                  00002598    0000009a            : memcpy16.S.obj (.text:memcpy)
                  00002632    00000002     libclang_rt.builtins.a : aeabi_div0.c.obj (.text.__aeabi_ldiv0)
                  00002634    00000082                            : divsf3.S.obj (.text.__divsf3)
                  000026b6    00000002     libc.a : _lock.c.obj (.text._nop)
                  000026b8    0000007c            : fclose.c.obj (.text.__TI_closefile)
                  00002734    00000078            : copy_decompress_lzss.c.obj (.text:decompress:lzss)
                  000027ac    00000070     libclang_rt.builtins.a : comparedf2.c.obj (.text.__gedf2)
                  0000281c    0000006c     libsysbm.a : hostlseek.c.obj (.text.HOSTlseek)
                  00002888    0000006c                : hostrename.c.obj (.text.HOSTrename)
                  000028f4    0000006c     libclang_rt.builtins.a : comparedf2.c.obj (.text.__ledf2)
                  00002960    0000006c     libc.a : fseek.c.obj (.text.fseeko)
                  000029cc    00000068     ti_msp_dl_config.o (.text.SYSCFG_DL_I2C_init)
                  00002a34    00000068     libc.a : getdevice.c.obj (.text.getdevice)
                  00002a9c    00000066            : _printfi.c.obj (.text._mcpy)
                  00002b02    00000064            : _io_perm.c.obj (.text.__TI_wrt_ok)
                  00002b66    00000002     --HOLE-- [fill = 0]
                  00002b68    00000064            : memory.c.obj (.text.split)
                  00002bcc    00000062     libclang_rt.builtins.a : aeabi_dcmp.S.obj (.text.__aeabi_dcmp)
                  00002c2e    00000002     --HOLE-- [fill = 0]
                  00002c30    00000062                            : aeabi_fcmp.S.obj (.text.__aeabi_fcmp)
                  00002c92    00000062     libc.a : memset16.S.obj (.text:memset)
                  00002cf4    00000060     libsysbm.a : hostopen.c.obj (.text.HOSTopen)
                  00002d54    00000060     libc.a : fflush.c.obj (.text.fflush)
                  00002db4    0000005e     driverlib.a : dl_i2c.o (.text.DL_I2C_fillControllerTXFIFO)
                  00002e12    00000002     --HOLE-- [fill = 0]
                  00002e14    0000005c     libc.a : s_frexp.c.obj (.text.frexp)
                  00002e70    0000005c            : printf.c.obj (.text.printf)
                  00002ecc    00000058     libsysbm.a : hostread.c.obj (.text.HOSTread)
                  00002f24    00000058                : hostwrite.c.obj (.text.HOSTwrite)
                  00002f7c    00000058     libc.a : _ltoa.c.obj (.text.__TI_ltoa)
                  00002fd4    00000058            : _printfi.c.obj (.text._pconv_f)
                  0000302c    00000056     libclang_rt.builtins.a : aeabi_idivmod.S.obj (.text.__aeabi_idivmod)
                  00003082    00000052     libc.a : fflush.c.obj (.text.__TI_doflush)
                  000030d4    00000052            : _printfi.c.obj (.text._ecpy)
                  00003126    00000002     --HOLE-- [fill = 0]
                  00003128    00000050     libsysbm.a : close.c.obj (.text.close)
                  00003178    00000050     lcd_i2c.o (.text.lcd_set_cursor)
                  000031c8    0000004c     lcd_i2c.o (.text.lcd_print)
                  00003214    0000004c     libc.a : snprintf.c.obj (.text.snprintf)
                  00003260    0000004a     libclang_rt.builtins.a : fixdfsi.S.obj (.text.__fixdfsi)
                  000032aa    00000002     --HOLE-- [fill = 0]
                  000032ac    00000048     libsysbm.a : hostclose.c.obj (.text.HOSTclose)
                  000032f4    00000048                : hostunlink.c.obj (.text.HOSTunlink)
                  0000333c    00000040     ti_msp_dl_config.o (.text.SYSCFG_DL_GPIO_init)
                  0000337c    00000040     libclang_rt.builtins.a : aeabi_uidivmod.S.obj (.text.__aeabi_uidivmod)
                  000033bc    00000040                            : extendsfdf2.S.obj (.text.__extendsfdf2)
                  000033fc    00000040     libc.a : atoi.c.obj (.text.atoi)
                  0000343c    0000003c     libclang_rt.builtins.a : floatsisf.S.obj (.text.__floatsisf)
                  00003478    0000003c                            : comparesf2.S.obj (.text.__gtsf2)
                  000034b4    0000003c     libc.a : autoinit.c.obj (.text:__TI_auto_init_nobinit_nopinit)
                  000034f0    0000003a     libclang_rt.builtins.a : comparesf2.S.obj (.text.__eqsf2)
                  0000352a    00000002     --HOLE-- [fill = 0]
                  0000352c    0000003a                            : muldsi3.S.obj (.text.__muldsi3)
                  00003566    00000002     --HOLE-- [fill = 0]
                  00003568    00000038     libc.a : getdevice.c.obj (.text.finddevice)
                  000035a0    00000034     ti_msp_dl_config.o (.text.SYSCFG_DL_initPower)
                  000035d4    00000034     libc.a : fopen.c.obj (.text.__TI_cleanup)
                  00003608    00000034     libsysbm.a : trgmsg.c.obj (.text.__TI_readmsg)
                  0000363c    00000034                : trgmsg.c.obj (.text.__TI_writemsg)
                  00003670    00000034     libc.a : exit.c.obj (.text.exit)
                  000036a4    00000030     ti_msp_dl_config.o (.text.SYSCFG_DL_SYSCTL_init)
                  000036d4    00000030     libc.a : _printfi.c.obj (.text._fcpy)
                  00003704    00000030            : snprintf.c.obj (.text._outs)
                  00003734    0000002c     libclang_rt.builtins.a : floatsidf.S.obj (.text.__floatsidf)
                  00003760    0000002c     libsysbm.a : unlink.c.obj (.text.unlink)
                  0000378c    00000028     libclang_rt.builtins.a : floatunsisf.S.obj (.text.__floatunsisf)
                  000037b4    00000028     libc.a : memory.c.obj (.text.free_list_insert)
                  000037dc    00000028     libsysbm.a : lseek.c.obj (.text.lseek)
                  00003804    00000028                : write.c.obj (.text.write)
                  0000382c    00000028     libc.a : boot_cortex_m.c.obj (.text:_c_int00_noargs)
                  00003854    00000026     driverlib.a : dl_i2c.o (.text.DL_I2C_setClockConfig)
                  0000387a    00000002     --HOLE-- [fill = 0]
                  0000387c    00000024     libclang_rt.builtins.a : muldi3.S.obj (.text.__muldi3)
                  000038a0    00000022     libc.a : memccpy.c.obj (.text.memccpy)
                  000038c2    00000002     --HOLE-- [fill = 0]
                  000038c4    0000001e     libclang_rt.builtins.a : ashldi3.S.obj (.text.__ashldi3)
                  000038e2    00000002     --HOLE-- [fill = 0]
                  000038e4    0000001c     libc.a : memory.c.obj (.text.free_list_remove)
                  00003900    00000018            : snprintf.c.obj (.text._outc)
                  00003918    00000016            : copy_zero_init.c.obj (.text:decompress:ZI:__TI_zero_init_nomemset)
                  0000392e    00000014     ti_msp_dl_config.o (.text.SYSCFG_DL_init)
                  00003942    00000002     --HOLE-- [fill = 0]
                  00003944    00000014     libclang_rt.builtins.a : aeabi_uldivmod.S.obj (.text.__aeabi_uldivmod)
                  00003958    00000014     libc.a : _printfi.c.obj (.text.strchr)
                  0000396c    00000012     libsysbm.a : hostrename.c.obj (.text.strcpy)
                  0000397e    00000012     libc.a : copy_decompress_none.c.obj (.text:decompress:none)
                  00003990    00000010            : wcslen.c.obj (.text.wcslen)
                  000039a0    0000000e            : memory.c.obj (.text.OUTLINED_FUNCTION_0)
                  000039ae    00000002     --HOLE-- [fill = 0]
                  000039b0    0000000e     libclang_rt.builtins.a : aeabi_memset.S.obj (.text.__aeabi_memset)
                  000039be    0000000e     libc.a : _printfi.c.obj (.text.strlen)
                  000039cc    0000000e     libsysbm.a : hostrename.c.obj (.text.strlen)
                  000039da    00000002     --HOLE-- [fill = 0]
                  000039dc    0000000c     libclang_rt.builtins.a : aeabi_memset.S.obj (.text.__aeabi_memclr)
                  000039e8    0000000c     libc.a : memory.c.obj (.text.malloc)
                  000039f4    0000000a     driverlib.a : dl_common.o (.text.DL_Common_delayCycles)
                  000039fe    0000000a     libc.a : _printfi.c.obj (.text.OUTLINED_FUNCTION_0)
                  00003a08    00000010     libclang_rt.builtins.a : adddf3.S.obj (.tramp.__aeabi_dsub.1)
                  00003a18    0000000a     libc.a : _printfi.c.obj (.text.OUTLINED_FUNCTION_1)
                  00003a22    00000002     --HOLE-- [fill = 0]
                  00003a24    00000008            : aeabi_portable.c.obj (.text.__aeabi_errno_addr)
                  00003a2c    00000008     libclang_rt.builtins.a : aeabi_memcpy.S.obj (.text.__aeabi_memcpy)
                  00003a34    00000008     libc.a : printf.c.obj (.text._outc)
                  00003a3c    00000008            : printf.c.obj (.text._outs)
                  00003a44    00000008            : fseek.c.obj (.text.fseek)
                  00003a4c    00000008     libsysbm.a : remove.c.obj (.text.remove)
                  00003a54    00000004     startup_mspm0g350x_ticlang.o (.text.Reset_Handler)
                  00003a58    00000004     libc.a : pre_init.c.obj (.text._system_pre_init)
                  00003a5c    00000004            : exit.c.obj (.text:abort)

.cinit     0    00003c10    000000a0     
                  00003c10    00000077     (.cinit..data.load) [load image, compression = lzss]
                  00003c87    00000001     --HOLE-- [fill = 0]
                  00003c88    0000000c     (__TI_handler_table)
                  00003c94    00000008     (.cinit..bss.load) [load image, compression = zero_init]
                  00003c9c    00000010     (__TI_cinit_table)
                  00003cac    00000004     --HOLE-- [fill = 0]

.rodata    0    00003a60    000001b0     
                  00003a60    00000101     libc.a : aeabi_ctype.S.obj (.rodata:__aeabi_ctype_table_)
                  00003b61    00000056     final_redo_main.o (.rodata.str1.155033023077888727681)
                  00003bb7    00000024     final_redo_main.o (.rodata.str1.114192239570495466931)
                  00003bdb    00000011     libc.a : _printfi.c.obj (.rodata.str1.11645776875810915891)
                  00003bec    00000011            : _printfi.c.obj (.rodata.str1.44690500295887128011)
                  00003bfd    00000008     final_redo_main.o (.rodata.str1.130927946840029210651)
                  00003c05    00000005     final_redo_main.o (.rodata.str1.170377994947883257821)
                  00003c0a    00000004     lcd_i2c.o (.rodata.cst4)
                  00003c0e    00000002     ti_msp_dl_config.o (.rodata.gI2CClockConfig)

.init_array 
*          0    00000000    00000000     UNINITIALIZED

.binit     0    00000000    00000000     

.sysmem    0    20200000    00000800     UNINITIALIZED
                  20200000    00000010     libc.a : memory.c.obj (.sysmem)
                  20200010    000007f0     --HOLE--

.data      0    20200800    00000202     UNINITIALIZED
                  20200800    000000f0     libc.a : defs.c.obj (.data._ftable)
                  202008f0    00000078     libsysbm.a : host_device.c.obj (.data._device)
                  20200968    00000050                : host_device.c.obj (.data._stream)
                  202009b8    00000014     final_redo_main.o (.data.pulse_width_window)
                  202009cc    00000010     final_redo_main.o (.data.gTxPacket)
                  202009dc    00000008     libc.a : exit.c.obj (.data..L_MergedGlobals)
                  202009e4    00000004            : defs.c.obj (.data.__TI_ft_end)
                  202009e8    00000004            : aeabi_portable.c.obj (.data.__aeabi_errno)
                  202009ec    00000004            : _lock.c.obj (.data._lock)
                  202009f0    00000004            : _lock.c.obj (.data._unlock)
                  202009f4    00000004     final_redo_main.o (.data.num_reps)
                  202009f8    00000004     final_redo_main.o (.data.temp_num_reps)
                  202009fc    00000004     final_redo_main.o (.data.window_index)
                  20200a00    00000001     libc.a : memory.c.obj (.data.memory_is_initialized)
                  20200a01    00000001     final_redo_main.o (.data.rep_state)

.bss       0    20200a04    000001f9     UNINITIALIZED
                  20200a04    00000120     libsysbm.a : trgmsg.c.obj (.bss:_CIOBUF_)
                  20200b24    000000a0     libc.a : defs.c.obj (.bss.__TI_tmpnams)
                  20200bc4    00000010     (.common:gRxPacket)
                  20200bd4    00000008     libsysbm.a : hostopen.c.obj (.bss.parmbuf)
                  20200bdc    00000004     libc.a : memory.c.obj (.bss.sys_free)
                  20200be0    00000004     (.common:cm)
                  20200be4    00000004     (.common:gRxCount)
                  20200be8    00000004     (.common:gRxLen)
                  20200bec    00000004     (.common:gTxCount)
                  20200bf0    00000004     (.common:gTxLen)
                  20200bf4    00000004     (.common:inches)
                  20200bf8    00000004     (.common:pulse_width)
                  20200bfc    00000001     (.common:gI2cControllerStatus)

.stack     0    20207e00    00000200     UNINITIALIZED
                  20207e00    00000004     libc.a : boot_cortex_m.c.obj (.stack)
                  20207e04    000001fc     --HOLE--

__llvm_prf_cnts 
*          0    20200000    00000000     UNINITIALIZED

__llvm_prf_bits 
*          0    20200000    00000000     UNINITIALIZED

MODULE SUMMARY

       Module                         code    ro data   rw data
       ------                         ----    -------   -------
    ./
       final_redo_main.o              1288    135       94     
       lcd_i2c.o                      1448    4         0      
       ti_msp_dl_config.o             288     2         0      
       startup_mspm0g350x_ticlang.o   6       192       0      
    +--+------------------------------+-------+---------+---------+
       Total:                         3030    333       94     
                                                               
    /Applications/ti/ccs1281/ccs/tools/compiler/ti-cgt-armllvm_3.2.1.LTS/lib/armv6m-ti-none-eabi/c/libc.a
       _printfi.c.obj                 4558    34        0      
       memory.c.obj                   730     0         5      
       defs.c.obj                     0       0         404    
       fputs.c.obj                    260     0         0      
       aeabi_ctype.S.obj              0       257       0      
       setvbuf.c.obj                  220     0         0      
       s_scalbn.c.obj                 216     0         0      
       fflush.c.obj                   178     0         0      
       getdevice.c.obj                160     0         0      
       fputc.c.obj                    156     0         0      
       memcpy16.S.obj                 154     0         0      
       snprintf.c.obj                 148     0         0      
       fclose.c.obj                   124     0         0      
       copy_decompress_lzss.c.obj     120     0         0      
       fseek.c.obj                    116     0         0      
       printf.c.obj                   108     0         0      
       _io_perm.c.obj                 100     0         0      
       memset16.S.obj                 98      0         0      
       s_frexp.c.obj                  92      0         0      
       _ltoa.c.obj                    88      0         0      
       atoi.c.obj                     64      0         0      
       exit.c.obj                     56      0         8      
       autoinit.c.obj                 60      0         0      
       fopen.c.obj                    52      0         0      
       boot_cortex_m.c.obj            40      0         0      
       memccpy.c.obj                  34      0         0      
       copy_zero_init.c.obj           22      0         0      
       copy_decompress_none.c.obj     18      0         0      
       wcslen.c.obj                   16      0         0      
       aeabi_portable.c.obj           8       0         4      
       _lock.c.obj                    2       0         8      
       pre_init.c.obj                 4       0         0      
    +--+------------------------------+-------+---------+---------+
       Total:                         8002    291       429    
                                                               
    /Applications/ti/ccs1281/ccs/tools/compiler/ti-cgt-armllvm_3.2.1.LTS/lib/armv6m-ti-none-eabi/c/libsysbm.a
       trgmsg.c.obj                   104     0         288    
       host_device.c.obj              0       0         200    
       hostrename.c.obj               140     0         0      
       hostlseek.c.obj                108     0         0      
       hostopen.c.obj                 96      0         8      
       hostread.c.obj                 88      0         0      
       hostwrite.c.obj                88      0         0      
       close.c.obj                    80      0         0      
       hostclose.c.obj                72      0         0      
       hostunlink.c.obj               72      0         0      
       unlink.c.obj                   44      0         0      
       lseek.c.obj                    40      0         0      
       write.c.obj                    40      0         0      
       remove.c.obj                   8       0         0      
    +--+------------------------------+-------+---------+---------+
       Total:                         980     0         496    
                                                               
    /Applications/ti/ccs1281/ccs/tools/compiler/ti-cgt-armllvm_3.2.1.LTS/lib/clang/15.0.7/lib/armv6m-ti-none-eabi/libclang_rt.builtins.a
       adddf3.S.obj                   418     0         0      
       divdf3.S.obj                   268     0         0      
       muldf3.S.obj                   228     0         0      
       comparedf2.c.obj               220     0         0      
       addsf3.S.obj                   216     0         0      
       udivmoddi4.S.obj               162     0         0      
       divsf3.S.obj                   130     0         0      
       comparesf2.S.obj               118     0         0      
       aeabi_dcmp.S.obj               98      0         0      
       aeabi_fcmp.S.obj               98      0         0      
       aeabi_idivmod.S.obj            86      0         0      
       fixdfsi.S.obj                  74      0         0      
       aeabi_uidivmod.S.obj           64      0         0      
       extendsfdf2.S.obj              64      0         0      
       floatsisf.S.obj                60      0         0      
       muldsi3.S.obj                  58      0         0      
       floatsidf.S.obj                44      0         0      
       floatunsisf.S.obj              40      0         0      
       muldi3.S.obj                   36      0         0      
       ashldi3.S.obj                  30      0         0      
       aeabi_memset.S.obj             26      0         0      
       aeabi_uldivmod.S.obj           20      0         0      
       aeabi_memcpy.S.obj             8       0         0      
       aeabi_div0.c.obj               4       0         0      
    +--+------------------------------+-------+---------+---------+
       Total:                         2570    0         0      
                                                               
    /Users/jiantangli/ti/mspm0_sdk_2_03_00_07/source/ti/driverlib/lib/ticlang/m0p/mspm0g1x0x_g3x0x/driverlib.a
       dl_i2c.o                       132     0         0      
       dl_common.o                    10      0         0      
    +--+------------------------------+-------+---------+---------+
       Total:                         142     0         0      
                                                               
       Heap:                          0       0         2048   
       Stack:                         0       0         512    
       Linker Generated:              0       155       0      
    +--+------------------------------+-------+---------+---------+
       Grand Total:                   14724   779       3579   


LINKER GENERATED COPY TABLES

__TI_cinit_table @ 00003c9c records: 2, size/record: 8, table size: 16
	.data: load addr=00003c10, load size=00000077 bytes, run addr=20200800, run size=00000202 bytes, compression=lzss
	.bss: load addr=00003c94, load size=00000008 bytes, run addr=20200a04, run size=000001f9 bytes, compression=zero_init


LINKER GENERATED HANDLER TABLE

__TI_handler_table @ 00003c88 records: 3, size/record: 4, table size: 12
	index: 0, handler: __TI_decompress_lzss
	index: 1, handler: __TI_decompress_none
	index: 2, handler: __TI_zero_init


FAR CALL TRAMPOLINES

callee name               trampoline name
   callee addr  tramp addr   call addr  call info
--------------  -----------  ---------  ----------------
__aeabi_dsub              $Tramp$TT$L$PI$$__aeabi_dsub
   00001551     00003a08     00003a06   libc.a : _printfi.c.obj (.text.OUTLINED_FUNCTION_0)

[1 trampolines]
[1 trampoline calls]


GLOBAL SYMBOLS: SORTED ALPHABETICALLY BY Name 

address   name                          
-------   ----                          
000016e3  ADC0_IRQHandler               
000016e3  ADC1_IRQHandler               
000016e3  AES_IRQHandler                
00003a5c  C$$EXIT                       
00003669  C$$IO$$                       
000016e3  CANFD0_IRQHandler             
000016e3  DAC0_IRQHandler               
000039f5  DL_Common_delayCycles         
00002db5  DL_I2C_fillControllerTXFIFO   
00003855  DL_I2C_setClockConfig         
000016e3  DMA_IRQHandler                
000016e3  Default_Handler               
000016e3  GROUP0_IRQHandler             
000016e3  GROUP1_IRQHandler             
000032ad  HOSTclose                     
0000281d  HOSTlseek                     
00002cf5  HOSTopen                      
00002ecd  HOSTread                      
00002889  HOSTrename                    
000032f5  HOSTunlink                    
00002f25  HOSTwrite                     
000016e3  HardFault_Handler             
000016e3  I2C0_IRQHandler               
00001f09  I2C1_IRQHandler               
000016e3  NMI_Handler                   
000016e3  PendSV_Handler                
000016e3  RTC_IRQHandler                
00003a55  Reset_Handler                 
000016e3  SPI0_IRQHandler               
000016e3  SPI1_IRQHandler               
000016e3  SVC_Handler                   
0000333d  SYSCFG_DL_GPIO_init           
000029cd  SYSCFG_DL_I2C_init            
000036a5  SYSCFG_DL_SYSCTL_init         
0000392f  SYSCFG_DL_init                
000035a1  SYSCFG_DL_initPower           
000016e3  SysTick_Handler               
000016e3  TIMA0_IRQHandler              
000016e3  TIMA1_IRQHandler              
000016e3  TIMG0_IRQHandler              
000016e3  TIMG12_IRQHandler             
000016e3  TIMG6_IRQHandler              
000016e3  TIMG7_IRQHandler              
000016e3  TIMG8_IRQHandler              
000016e3  UART0_IRQHandler              
000016e3  UART1_IRQHandler              
000016e3  UART2_IRQHandler              
000016e3  UART3_IRQHandler              
20200a04  _CIOBUF_                      
20200a04  __CIOBUF_                     
20208000  __STACK_END                   
00000200  __STACK_SIZE                  
00000800  __SYSMEM_SIZE                 
00000000  __TI_ATRegion0_region_sz      
00000000  __TI_ATRegion0_src_addr       
00000000  __TI_ATRegion0_trg_addr       
00000000  __TI_ATRegion1_region_sz      
00000000  __TI_ATRegion1_src_addr       
00000000  __TI_ATRegion1_trg_addr       
00000000  __TI_ATRegion2_region_sz      
00000000  __TI_ATRegion2_src_addr       
00000000  __TI_ATRegion2_trg_addr       
00003c9c  __TI_CINIT_Base               
00003cac  __TI_CINIT_Limit              
00003cac  __TI_CINIT_Warm               
00003c88  __TI_Handler_Table_Base       
00003c94  __TI_Handler_Table_Limit      
000034b5  __TI_auto_init_nobinit_nopinit
000035d5  __TI_cleanup                  
202009dc  __TI_cleanup_ptr              
000026b9  __TI_closefile                
00002735  __TI_decompress_lzss          
0000397f  __TI_decompress_none          
00003083  __TI_doflush                  
202009e0  __TI_dtors_ptr                
202009e4  __TI_ft_end                   
00002f7d  __TI_ltoa                     
ffffffff  __TI_pprof_out_hndl           
000000c1  __TI_printfi                  
ffffffff  __TI_prof_data_size           
ffffffff  __TI_prof_data_start          
00003609  __TI_readmsg                  
00000000  __TI_static_base__            
20200b24  __TI_tmpnams                  
0000363d  __TI_writemsg                 
00002b03  __TI_wrt_ok                   
00003919  __TI_zero_init_nomemset       
0000155b  __adddf3                      
0000238b  __addsf3                      
00003a60  __aeabi_ctype_table_          
00003a60  __aeabi_ctype_table_C         
00003261  __aeabi_d2iz                  
0000155b  __aeabi_dadd                  
00002bcd  __aeabi_dcmpeq                
00002c09  __aeabi_dcmpge                
00002c1d  __aeabi_dcmpgt                
00002bf5  __aeabi_dcmple                
00002be1  __aeabi_dcmplt                
00001cf9  __aeabi_ddiv                  
000020e9  __aeabi_dmul                  
00001551  __aeabi_dsub                  
202009e8  __aeabi_errno                 
00003a25  __aeabi_errno_addr            
000033bd  __aeabi_f2d                   
0000238b  __aeabi_fadd                  
00002c31  __aeabi_fcmpeq                
00002c6d  __aeabi_fcmpge                
00002c81  __aeabi_fcmpgt                
00002c59  __aeabi_fcmple                
00002c45  __aeabi_fcmplt                
00002635  __aeabi_fdiv                  
00002381  __aeabi_fsub                  
00003735  __aeabi_i2d                   
0000343d  __aeabi_i2f                   
0000302d  __aeabi_idiv                  
000024fb  __aeabi_idiv0                 
0000302d  __aeabi_idivmod               
00002633  __aeabi_ldiv0                 
000038c5  __aeabi_llsl                  
0000387d  __aeabi_lmul                  
000039dd  __aeabi_memclr                
000039dd  __aeabi_memclr4               
000039dd  __aeabi_memclr8               
00003a2d  __aeabi_memcpy                
00003a2d  __aeabi_memcpy4               
00003a2d  __aeabi_memcpy8               
000039b1  __aeabi_memset                
000039b1  __aeabi_memset4               
000039b1  __aeabi_memset8               
0000378d  __aeabi_ui2f                  
0000337d  __aeabi_uidiv                 
0000337d  __aeabi_uidivmod              
00003945  __aeabi_uldivmod              
000038c5  __ashldi3                     
ffffffff  __binit__                     
000028f5  __cmpdf2                      
000034f1  __cmpsf2                      
00001cf9  __divdf3                      
00002635  __divsf3                      
000028f5  __eqdf2                       
000034f1  __eqsf2                       
000033bd  __extendsfdf2                 
00003261  __fixdfsi                     
00003735  __floatsidf                   
0000343d  __floatsisf                   
0000378d  __floatunsisf                 
000027ad  __gedf2                       
00003479  __gesf2                       
000027ad  __gtdf2                       
00003479  __gtsf2                       
000028f5  __ledf2                       
000034f1  __lesf2                       
000028f5  __ltdf2                       
000034f1  __ltsf2                       
UNDEFED   __mpu_init                    
000020e9  __muldf3                      
0000387d  __muldi3                      
0000352d  __muldsi3                     
000028f5  __nedf2                       
000034f1  __nesf2                       
20207e00  __stack                       
20200000  __start___llvm_prf_bits       
20200000  __start___llvm_prf_cnts       
20200000  __stop___llvm_prf_bits        
20200000  __stop___llvm_prf_cnts        
00001551  __subdf3                      
00002381  __subsf3                      
00002459  __udivmoddi4                  
0000382d  _c_int00_noargs               
202008f0  _device                       
20200800  _ftable                       
202009ec  _lock                         
000026b7  _nop                          
20200968  _stream                       
20200000  _sys_memory                   
UNDEFED   _system_post_cinit            
00003a59  _system_pre_init              
202009f0  _unlock                       
00003a5d  abort                         
00001aad  aligned_alloc                 
000033fd  atoi                          
ffffffff  binit                         
00003129  close                         
20200be0  cm                            
00003671  exit                          
00002d55  fflush                        
00003569  finddevice                    
000024fd  fputc                         
00001e05  fputs                         
00001ffd  free                          
00002e15  frexp                         
00002e15  frexpl                        
00003a45  fseek                         
00002961  fseeko                        
20200bfc  gI2cControllerStatus          
20200be4  gRxCount                      
20200be8  gRxLen                        
20200bc4  gRxPacket                     
20200bec  gTxCount                      
20200bf0  gTxLen                        
202009cc  gTxPacket                     
0000197d  get_filtered_pulse_width      
00002a35  getdevice                     
20200bf4  inches                        
00000000  interruptVectors              
000016e5  lcd_init                      
000031c9  lcd_print                     
000011a1  lcd_send_command              
00001379  lcd_send_data                 
00003179  lcd_set_cursor                
000022a9  ldexp                         
000022a9  ldexpl                        
000037dd  lseek                         
00000ac1  main                          
000039e9  malloc                        
00001aad  memalign                      
000038a1  memccpy                       
00002599  memcpy                        
00002c93  memset                        
202009f4  num_reps                      
20200bd4  parmbuf                       
00002e71  printf                        
20200bf8  pulse_width                   
202009b8  pulse_width_window            
00003a4d  remove                        
20200a01  rep_state                     
000022a9  scalbn                        
000022a9  scalbnl                       
000021cd  setvbuf                       
00003215  snprintf                      
202009f8  temp_num_reps                 
00003761  unlink                        
00003991  wcslen                        
202009fc  window_index                  
00003805  write                         


GLOBAL SYMBOLS: SORTED BY Symbol Address 

address   name                          
-------   ----                          
00000000  __TI_ATRegion0_region_sz      
00000000  __TI_ATRegion0_src_addr       
00000000  __TI_ATRegion0_trg_addr       
00000000  __TI_ATRegion1_region_sz      
00000000  __TI_ATRegion1_src_addr       
00000000  __TI_ATRegion1_trg_addr       
00000000  __TI_ATRegion2_region_sz      
00000000  __TI_ATRegion2_src_addr       
00000000  __TI_ATRegion2_trg_addr       
00000000  __TI_static_base__            
00000000  interruptVectors              
000000c1  __TI_printfi                  
00000200  __STACK_SIZE                  
00000800  __SYSMEM_SIZE                 
00000ac1  main                          
000011a1  lcd_send_command              
00001379  lcd_send_data                 
00001551  __aeabi_dsub                  
00001551  __subdf3                      
0000155b  __adddf3                      
0000155b  __aeabi_dadd                  
000016e3  ADC0_IRQHandler               
000016e3  ADC1_IRQHandler               
000016e3  AES_IRQHandler                
000016e3  CANFD0_IRQHandler             
000016e3  DAC0_IRQHandler               
000016e3  DMA_IRQHandler                
000016e3  Default_Handler               
000016e3  GROUP0_IRQHandler             
000016e3  GROUP1_IRQHandler             
000016e3  HardFault_Handler             
000016e3  I2C0_IRQHandler               
000016e3  NMI_Handler                   
000016e3  PendSV_Handler                
000016e3  RTC_IRQHandler                
000016e3  SPI0_IRQHandler               
000016e3  SPI1_IRQHandler               
000016e3  SVC_Handler                   
000016e3  SysTick_Handler               
000016e3  TIMA0_IRQHandler              
000016e3  TIMA1_IRQHandler              
000016e3  TIMG0_IRQHandler              
000016e3  TIMG12_IRQHandler             
000016e3  TIMG6_IRQHandler              
000016e3  TIMG7_IRQHandler              
000016e3  TIMG8_IRQHandler              
000016e3  UART0_IRQHandler              
000016e3  UART1_IRQHandler              
000016e3  UART2_IRQHandler              
000016e3  UART3_IRQHandler              
000016e5  lcd_init                      
0000197d  get_filtered_pulse_width      
00001aad  aligned_alloc                 
00001aad  memalign                      
00001cf9  __aeabi_ddiv                  
00001cf9  __divdf3                      
00001e05  fputs                         
00001f09  I2C1_IRQHandler               
00001ffd  free                          
000020e9  __aeabi_dmul                  
000020e9  __muldf3                      
000021cd  setvbuf                       
000022a9  ldexp                         
000022a9  ldexpl                        
000022a9  scalbn                        
000022a9  scalbnl                       
00002381  __aeabi_fsub                  
00002381  __subsf3                      
0000238b  __addsf3                      
0000238b  __aeabi_fadd                  
00002459  __udivmoddi4                  
000024fb  __aeabi_idiv0                 
000024fd  fputc                         
00002599  memcpy                        
00002633  __aeabi_ldiv0                 
00002635  __aeabi_fdiv                  
00002635  __divsf3                      
000026b7  _nop                          
000026b9  __TI_closefile                
00002735  __TI_decompress_lzss          
000027ad  __gedf2                       
000027ad  __gtdf2                       
0000281d  HOSTlseek                     
00002889  HOSTrename                    
000028f5  __cmpdf2                      
000028f5  __eqdf2                       
000028f5  __ledf2                       
000028f5  __ltdf2                       
000028f5  __nedf2                       
00002961  fseeko                        
000029cd  SYSCFG_DL_I2C_init            
00002a35  getdevice                     
00002b03  __TI_wrt_ok                   
00002bcd  __aeabi_dcmpeq                
00002be1  __aeabi_dcmplt                
00002bf5  __aeabi_dcmple                
00002c09  __aeabi_dcmpge                
00002c1d  __aeabi_dcmpgt                
00002c31  __aeabi_fcmpeq                
00002c45  __aeabi_fcmplt                
00002c59  __aeabi_fcmple                
00002c6d  __aeabi_fcmpge                
00002c81  __aeabi_fcmpgt                
00002c93  memset                        
00002cf5  HOSTopen                      
00002d55  fflush                        
00002db5  DL_I2C_fillControllerTXFIFO   
00002e15  frexp                         
00002e15  frexpl                        
00002e71  printf                        
00002ecd  HOSTread                      
00002f25  HOSTwrite                     
00002f7d  __TI_ltoa                     
0000302d  __aeabi_idiv                  
0000302d  __aeabi_idivmod               
00003083  __TI_doflush                  
00003129  close                         
00003179  lcd_set_cursor                
000031c9  lcd_print                     
00003215  snprintf                      
00003261  __aeabi_d2iz                  
00003261  __fixdfsi                     
000032ad  HOSTclose                     
000032f5  HOSTunlink                    
0000333d  SYSCFG_DL_GPIO_init           
0000337d  __aeabi_uidiv                 
0000337d  __aeabi_uidivmod              
000033bd  __aeabi_f2d                   
000033bd  __extendsfdf2                 
000033fd  atoi                          
0000343d  __aeabi_i2f                   
0000343d  __floatsisf                   
00003479  __gesf2                       
00003479  __gtsf2                       
000034b5  __TI_auto_init_nobinit_nopinit
000034f1  __cmpsf2                      
000034f1  __eqsf2                       
000034f1  __lesf2                       
000034f1  __ltsf2                       
000034f1  __nesf2                       
0000352d  __muldsi3                     
00003569  finddevice                    
000035a1  SYSCFG_DL_initPower           
000035d5  __TI_cleanup                  
00003609  __TI_readmsg                  
0000363d  __TI_writemsg                 
00003669  C$$IO$$                       
00003671  exit                          
000036a5  SYSCFG_DL_SYSCTL_init         
00003735  __aeabi_i2d                   
00003735  __floatsidf                   
00003761  unlink                        
0000378d  __aeabi_ui2f                  
0000378d  __floatunsisf                 
000037dd  lseek                         
00003805  write                         
0000382d  _c_int00_noargs               
00003855  DL_I2C_setClockConfig         
0000387d  __aeabi_lmul                  
0000387d  __muldi3                      
000038a1  memccpy                       
000038c5  __aeabi_llsl                  
000038c5  __ashldi3                     
00003919  __TI_zero_init_nomemset       
0000392f  SYSCFG_DL_init                
00003945  __aeabi_uldivmod              
0000397f  __TI_decompress_none          
00003991  wcslen                        
000039b1  __aeabi_memset                
000039b1  __aeabi_memset4               
000039b1  __aeabi_memset8               
000039dd  __aeabi_memclr                
000039dd  __aeabi_memclr4               
000039dd  __aeabi_memclr8               
000039e9  malloc                        
000039f5  DL_Common_delayCycles         
00003a25  __aeabi_errno_addr            
00003a2d  __aeabi_memcpy                
00003a2d  __aeabi_memcpy4               
00003a2d  __aeabi_memcpy8               
00003a45  fseek                         
00003a4d  remove                        
00003a55  Reset_Handler                 
00003a59  _system_pre_init              
00003a5c  C$$EXIT                       
00003a5d  abort                         
00003a60  __aeabi_ctype_table_          
00003a60  __aeabi_ctype_table_C         
00003c88  __TI_Handler_Table_Base       
00003c94  __TI_Handler_Table_Limit      
00003c9c  __TI_CINIT_Base               
00003cac  __TI_CINIT_Limit              
00003cac  __TI_CINIT_Warm               
20200000  __start___llvm_prf_bits       
20200000  __start___llvm_prf_cnts       
20200000  __stop___llvm_prf_bits        
20200000  __stop___llvm_prf_cnts        
20200000  _sys_memory                   
20200800  _ftable                       
202008f0  _device                       
20200968  _stream                       
202009b8  pulse_width_window            
202009cc  gTxPacket                     
202009dc  __TI_cleanup_ptr              
202009e0  __TI_dtors_ptr                
202009e4  __TI_ft_end                   
202009e8  __aeabi_errno                 
202009ec  _lock                         
202009f0  _unlock                       
202009f4  num_reps                      
202009f8  temp_num_reps                 
202009fc  window_index                  
20200a01  rep_state                     
20200a04  _CIOBUF_                      
20200a04  __CIOBUF_                     
20200b24  __TI_tmpnams                  
20200bc4  gRxPacket                     
20200bd4  parmbuf                       
20200be0  cm                            
20200be4  gRxCount                      
20200be8  gRxLen                        
20200bec  gTxCount                      
20200bf0  gTxLen                        
20200bf4  inches                        
20200bf8  pulse_width                   
20200bfc  gI2cControllerStatus          
20207e00  __stack                       
20208000  __STACK_END                   
ffffffff  __TI_pprof_out_hndl           
ffffffff  __TI_prof_data_size           
ffffffff  __TI_prof_data_start          
ffffffff  __binit__                     
ffffffff  binit                         
UNDEFED   __mpu_init                    
UNDEFED   _system_post_cinit            

[235 symbols]
